<?xml version="1.0" encoding="utf-8" ?>
<!DOCTYPE html PUBLIC "-//W3C//DTD XHTML 1.0 Transitional//EN"
  "http://www.w3.org/TR/xhtml1/DTD/xhtml1-transitional.dtd">
<!--  This file is generated by Nim. -->
<html xmlns="http://www.w3.org/1999/xhtml" xml:lang="en" lang="en">
<head>
<meta http-equiv="Content-Type" content="text/html; charset=utf-8" />

<meta name="viewport" content="width=device-width, initial-scale=1.0">

<!-- Favicon -->
<link rel="shortcut icon" href="data:image/x-icon;base64,AAABAAEAEBAAAAEAIABoBAAAFgAAACgAAAAQAAAAIAAAAAEAIAAAAAAAAAAAAAAAAAAAAAAAAAAAAAAAAAD///8A////AP///wD///8A////AP///wD///8A////AP///wD///8A////AP///wD///8A////AP///wD///8A////AP///wD///8A////AP///wD///8A////AAAAAAUAAAAF////AP///wD///8A////AP///wD///8A////AP///wD///8A////AAAAAAIAAABbAAAAlQAAAKIAAACbAAAAmwAAAKIAAACVAAAAWwAAAAL///8A////AP///wD///8A////AAAAABQAAADAAAAAYwAAAA3///8A////AP///wD///8AAAAADQAAAGMAAADAAAAAFP///wD///8A////AP///wAAAACdAAAAOv///wD///8A////AP///wD///8A////AP///wD///8AAAAAOgAAAJ3///8A////AP///wAAAAAnAAAAcP///wAAAAAoAAAASv///wD///8A////AP///wAAAABKAAAAKP///wAAAABwAAAAJ////wD///8AAAAAgQAAABwAAACIAAAAkAAAAJMAAACtAAAAFQAAABUAAACtAAAAkwAAAJAAAACIAAAAHAAAAIH///8A////AAAAAKQAAACrAAAAaP///wD///8AAAAARQAAANIAAADSAAAARf///wD///8AAAAAaAAAAKsAAACk////AAAAADMAAACcAAAAnQAAABj///8A////AP///wAAAAAYAAAAGP///wD///8A////AAAAABgAAACdAAAAnAAAADMAAAB1AAAAwwAAAP8AAADpAAAAsQAAAE4AAAAb////AP///wAAAAAbAAAATgAAALEAAADpAAAA/wAAAMMAAAB1AAAAtwAAAOkAAAD/AAAA/wAAAP8AAADvAAAA3gAAAN4AAADeAAAA3gAAAO8AAAD/AAAA/wAAAP8AAADpAAAAtwAAAGUAAAA/AAAA3wAAAP8AAAD/AAAA/wAAAP8AAAD/AAAA/wAAAP8AAAD/AAAA/wAAAP8AAADfAAAAPwAAAGX///8A////AAAAAEgAAADtAAAAvwAAAL0AAADGAAAA7wAAAO8AAADGAAAAvQAAAL8AAADtAAAASP///wD///8A////AP///wD///8AAAAAO////wD///8A////AAAAAIcAAACH////AP///wD///8AAAAAO////wD///8A////AP///wD///8A////AP///wD///8A////AP///wD///8A////AP///wD///8A////AP///wD///8A////AP///wD///8A////AP///wD///8A////AP///wD///8A////AP///wD///8A////AP///wD///8A////AP///wD///8A//8AAP//AAD4HwAA7/cAAN/7AAD//wAAoYUAAJ55AACf+QAAh+EAAAAAAADAAwAA4AcAAP5/AAD//wAA//8AAA=="/>
<link rel="icon" type="image/png" sizes="32x32" href="data:image/png;base64,iVBORw0KGgoAAAANSUhEUgAAACAAAAAgCAYAAABzenr0AAAABmJLR0QA/wD/AP+gvaeTAAAACXBIWXMAAA3XAAAN1wFCKJt4AAAAB3RJTUUH4QQQEwksSS9ZWwAAAk1JREFUWMPtll2ITVEUx39nn/O7Y5qR8f05wtCUUr6ZIS++8pEnkZInPImneaCQ5METNdOkeFBKUhMPRIkHKfEuUZSUlGlKPN2TrgfncpvmnntnmlEyq1Z7t89/rf9a6+y99oZxGZf/XeIq61EdtgKXgdXA0xrYAvBjOIF1AI9zvjcC74BSpndrJPkBWDScTF8Aa4E3wDlgHbASaANmVqlcCnwHvgDvgVfAJ+AikAAvgfVZwLnSVZHZaOuKoQi3ZOMi4NkYkpe1p4J7A8BpYAD49hfIy/oqG0+hLomiKP2L5L+1ubn5115S+3OAn4EnwBlgMzCjyt6ZAnQCJ4A7wOs88iRJHvw50HoujuPBoCKwHWiosy8MdfZnAdcHk8dxXFJ3VQbQlCTJvRBCGdRbD4M6uc5glpY3eAihpN5S5w12diSEcCCEcKUO4ljdr15T76ur1FDDLIQQ3qv71EdDOe3Kxj3leRXyk+pxdWnFWod6Wt2bY3de3aSuUHcPBVimHs7mK9WrmeOF6lR1o9qnzskh2ar2qm1qizpfXaPeVGdlmGN5pb09qMxz1Xb1kLqgzn1RyH7JUXW52lr5e/Kqi9qpto7V1atuUzfnARrV7jEib1T76gG2qxdGmXyiekkt1GswPTtek0aBfJp6YySGBfWg2tPQ0FAYgf1stUfdmdcjarbYJEniKIq6gY/Aw+zWHAC+p2labGpqiorFYgGYCEzN7oQdQClN07O1/EfDyGgC0ALMBdYAi4FyK+4H3gLPsxfR1zRNi+NP7nH5J+QntnXe5B5mpfQAAAAASUVORK5CYII=">

<!-- Google fonts -->
<link href='https://fonts.googleapis.com/css?family=Lato:400,600,900' rel='stylesheet' type='text/css'/>
<link href='https://fonts.googleapis.com/css?family=Source+Code+Pro:400,500,600' rel='stylesheet' type='text/css'/>

<!-- CSS -->
<title>subdir/subdir_b/utils</title>
<link rel="stylesheet" type="text/css" href="../../nimdoc.out.css">

<script type="text/javascript" src="../../dochack.js"></script>

<script type="text/javascript">
function main() {
  var pragmaDots = document.getElementsByClassName("pragmadots");
  for (var i = 0; i < pragmaDots.length; i++) {
    pragmaDots[i].onclick = function(event) {
      // Hide tease
      event.target.parentNode.style.display = "none";
      // Show actual
      event.target.parentNode.nextElementSibling.style.display = "inline";
    }
  }

  function switchTheme(e) {
      if (e.target.checked) {
          document.documentElement.setAttribute('data-theme', 'dark');
          localStorage.setItem('theme', 'dark');
      } else {
          document.documentElement.setAttribute('data-theme', 'light');
          localStorage.setItem('theme', 'light');
      }
  }

  const toggleSwitch = document.querySelector('.theme-switch input[type="checkbox"]');
  if (toggleSwitch !== null) {
    toggleSwitch.addEventListener('change', switchTheme, false);
  }

  var currentTheme = localStorage.getItem('theme');
  if (!currentTheme && window.matchMedia('(prefers-color-scheme: dark)').matches) {
    currentTheme = 'dark';
  }
  if (currentTheme) {
    document.documentElement.setAttribute('data-theme', currentTheme);

    if (currentTheme === 'dark' && toggleSwitch !== null) {
      toggleSwitch.checked = true;
    }
  }
}

window.addEventListener('DOMContentLoaded', main);
</script>

</head>
<body>
<div class="document" id="documentId">
  <div class="container">
    <h1 class="title">subdir/subdir_b/utils</h1>
    <div class="row">
  <div class="three columns">
  <div class="theme-switch-wrapper">
    <label class="theme-switch" for="checkbox">
      <input type="checkbox" id="checkbox" />
      <div class="slider round"></div>
    </label>
    &nbsp;&nbsp;&nbsp; <em>Dark Mode</em>
  </div>
  <div id="global-links">
    <ul class="simple">
    <li>
      <a href="../../theindex.html">Index</a>
    </li>
    </ul>
  </div>
  <div id="searchInputDiv">
    Search: <input type="text" id="searchInput"
      onkeyup="search()" />
  </div>
  <div>
    Group by:
    <select onchange="groupBy(this.value)">
      <option value="section">Section</option>
      <option value="type">Type</option>
    </select>
  </div>
  <ul class="simple simple-toc" id="toc-list">
<li><a class="reference" id="this-is-now-a-header_toc" href="#this-is-now-a-header">This is now a header</a></li>
<ul class="simple"><li><a class="reference" id="this-is-now-a-header-next-header_toc" href="#this-is-now-a-header-next-header">Next header</a></li>
<ul class="simple"><li><a class="reference" id="next-header-and-so-on_toc" href="#next-header-and-so-on">And so on</a></li>
</ul></ul><li><a class="reference" id="more-headers_toc" href="#more-headers">More headers</a></li>
<ul class="simple"><li><a class="reference" id="more-headers-up-to-level-6_toc" href="#more-headers-up-to-level-6">Up to level 6</a></li>
</ul><li>
  <a class="reference reference-toplevel" href="#7" id="57">Types</a>
  <ul class="simple simple-toc-section">
      <li><a class="reference" href="#Foo1"
    title="Foo1 = object">Foo1</a></li>
  <li><a class="reference" href="#Foo2"
    title="Foo2 = object">Foo2</a></li>
  <li><a class="reference" href="#Foo3"
    title="Foo3 = object">Foo3</a></li>
  <li><a class="reference" href="#SomeType"
    title="SomeType = enum
  enumValueA, enumValueB, enumValueC">SomeType</a></li>

  </ul>
</li>
<li>
  <a class="reference reference-toplevel" href="#8" id="58">Vars</a>
  <ul class="simple simple-toc-section">
      <li><a class="reference" href="#c1"
    title="c1: int">c1</a></li>
  <li><a class="reference" href="#c2"
    title="c2: int">c2</a></li>
  <li><a class="reference" href="#c3"
    title="c3: int">c3</a></li>

  </ul>
</li>
<li>
  <a class="reference reference-toplevel" href="#9" id="59">Lets</a>
  <ul class="simple simple-toc-section">
      <li><a class="reference" href="#c4"
    title="c4 = 1">c4</a></li>
  <li><a class="reference" href="#c5"
    title="c5 = 1">c5</a></li>
  <li><a class="reference" href="#c6"
    title="c6 = 1">c6</a></li>

  </ul>
</li>
<li>
  <a class="reference reference-toplevel" href="#10" id="60">Consts</a>
  <ul class="simple simple-toc-section">
      <li><a class="reference" href="#c7"
    title="c7 = 1">c7</a></li>
  <li><a class="reference" href="#c8"
    title="c8 = 1">c8</a></li>
  <li><a class="reference" href="#c9"
    title="c9 = 1">c9</a></li>

  </ul>
</li>
<li>
  <a class="reference reference-toplevel" href="#12" id="62">Procs</a>
  <ul class="simple simple-toc-section">
      <ul class="simple nested-toc-section">fn2
      <li><a class="reference" href="#fn2"
    title="fn2()">fn2()</a></li>

  </ul>
  <ul class="simple nested-toc-section">fn3
      <li><a class="reference" href="#fn3"
    title="fn3(): auto">fn3(): auto</a></li>

  </ul>
  <ul class="simple nested-toc-section">fn4
      <li><a class="reference" href="#fn4"
    title="fn4(): auto">fn4(): auto</a></li>

  </ul>
  <ul class="simple nested-toc-section">fn5
      <li><a class="reference" href="#fn5"
    title="fn5()">fn5()</a></li>

  </ul>
  <ul class="simple nested-toc-section">fn6
      <li><a class="reference" href="#fn6"
    title="fn6()">fn6()</a></li>

  </ul>
  <ul class="simple nested-toc-section">fn7
      <li><a class="reference" href="#fn7"
    title="fn7()">fn7()</a></li>

  </ul>
  <ul class="simple nested-toc-section">fn8
      <li><a class="reference" href="#fn8"
    title="fn8(): auto">fn8(): auto</a></li>

  </ul>
  <ul class="simple nested-toc-section">fn9
      <li><a class="reference" href="#fn9%2Cint"
    title="fn9(a: int): int">fn9(a: int): int</a></li>

  </ul>
  <ul class="simple nested-toc-section">fn10
      <li><a class="reference" href="#fn10%2Cint"
    title="fn10(a: int): int">fn10(a: int): int</a></li>

  </ul>
  <ul class="simple nested-toc-section">gn1
      <li><a class="reference" href="#gn1"
    title="gn1()">gn1()</a></li>

  </ul>
  <ul class="simple nested-toc-section">gn2
      <li><a class="reference" href="#gn2"
    title="gn2()">gn2()</a></li>

  </ul>
  <ul class="simple nested-toc-section">gn3
      <li><a class="reference" href="#gn3"
    title="gn3()">gn3()</a></li>

  </ul>
  <ul class="simple nested-toc-section">gn4
      <li><a class="reference" href="#gn4"
    title="gn4()">gn4()</a></li>

  </ul>
  <ul class="simple nested-toc-section">gn5
      <li><a class="reference" href="#gn5"
    title="gn5()">gn5()</a></li>

  </ul>
  <ul class="simple nested-toc-section">someType
      <li><a class="reference" href="#someType_2"
    title="someType(): SomeType">someType(): SomeType</a></li>

  </ul>

  </ul>
</li>
<li>
  <a class="reference reference-toplevel" href="#18" id="68">Templates</a>
  <ul class="simple simple-toc-section">
      <ul class="simple nested-toc-section">aEnum
      <li><a class="reference" href="#aEnum.t"
    title="aEnum(): untyped">aEnum(): untyped</a></li>

  </ul>
  <ul class="simple nested-toc-section">bEnum
      <li><a class="reference" href="#bEnum.t"
    title="bEnum(): untyped">bEnum(): untyped</a></li>

  </ul>
  <ul class="simple nested-toc-section">fromUtilsGen
      <li><a class="reference" href="#fromUtilsGen.t"
    title="fromUtilsGen(): untyped">fromUtilsGen(): untyped</a></li>

  </ul>

  </ul>
</li>

</ul>

  </div>
  
  <div class="nine columns" id="content">
  <div id="tocRoot"></div>
  
  <p class="module-desc">
<h1><a class="toc-backref" id="this-is-now-a-header" href="#this-is-now-a-header">This is now a header</a></h1>
<h2><a class="toc-backref" id="this-is-now-a-header-next-header" href="#this-is-now-a-header-next-header">Next header</a></h2>
<h3><a class="toc-backref" id="next-header-and-so-on" href="#next-header-and-so-on">And so on</a></h3>
<h1><a class="toc-backref" id="more-headers" href="#more-headers">More headers</a></h1>
<h6><a class="toc-backref" id="more-headers-up-to-level-6" href="#more-headers-up-to-level-6">Up to level 6</a></h6><ol class="simple"><li>An enumeration</li>
<li>Second idea here.</li>
</ol>
<p>More text.</p>
<ol class="simple"><li>Other case value</li>
<li>Second case.</li>
</ol>

<p><strong class="examples_text">Example:</strong></p>
<pre class="listing"><span class="Keyword">import</span> <span class="Identifier">subdir</span><span class="Operator">/</span><span class="Identifier">subdir_b</span><span class="Operator">/</span><span class="Identifier">utils</span>
<span class="Keyword">discard</span> <span class="StringLit">&quot;module level 1&quot;</span></pre>
<p><strong class="examples_text">Example:</strong></p>
<pre class="listing"><span class="Keyword">import</span> <span class="Identifier">subdir</span><span class="Operator">/</span><span class="Identifier">subdir_b</span><span class="Operator">/</span><span class="Identifier">utils</span>
<span class="Keyword">discard</span> <span class="StringLit">&quot;module level 2&quot;</span></pre>
<p><strong class="examples_text">Example:</strong></p>
<pre class="listing"><span class="Keyword">import</span> <span class="Identifier">subdir</span><span class="Operator">/</span><span class="Identifier">subdir_b</span><span class="Operator">/</span><span class="Identifier">utils</span>
<span class="Keyword">discard</span> <span class="StringLit">&quot;module level 3&quot;</span></pre>before 4
<p><strong class="examples_text">Example:</strong></p>
<pre class="listing"><span class="Keyword">import</span> <span class="Identifier">subdir</span><span class="Operator">/</span><span class="Identifier">subdir_b</span><span class="Operator">/</span><span class="Identifier">utils</span>
<span class="Keyword">discard</span> <span class="StringLit">&quot;module level 4&quot;</span></pre>after 4</p>
  <div class="section" id="7">
<h1><a class="toc-backref" href="#7">Types</a></h1>
<dl class="item">
<<<<<<< HEAD
<div id="SomeType">
||||||| parent of 553031bcb (fix tests)
<a id="SomeType"></a>
=======
<a id="Foo1"></a>
<dt><pre><a href="utils.html#Foo1"><span class="Identifier">Foo1</span></a> <span class="Other">=</span> <span class="Keyword">object</span></pre></dt>
<dd>



</dd>
<a id="Foo2"></a>
<dt><pre><a href="utils.html#Foo2"><span class="Identifier">Foo2</span></a> <span class="Other">=</span> <span class="Keyword">object</span></pre></dt>
<dd>

ok1
<p><strong class="examples_text">Example:</strong></p>
<pre class="listing"><span class="Keyword">discard</span> <span class="StringLit">&quot;Foo2&quot;</span></pre>ok3

</dd>
<a id="Foo3"></a>
<dt><pre><a href="utils.html#Foo3"><span class="Identifier">Foo3</span></a> <span class="Other">=</span> <span class="Keyword">object</span></pre></dt>
<dd>


<p><strong class="examples_text">Example:</strong></p>
<pre class="listing"><span class="Keyword">discard</span> <span class="StringLit">&quot;Foo3&quot;</span></pre>

</dd>
<a id="SomeType"></a>
>>>>>>> 553031bcb (fix tests)
<dt><pre><a href="utils.html#SomeType"><span class="Identifier">SomeType</span></a> <span class="Other">=</span> <span class="Keyword">enum</span>
  <span class="Identifier">enumValueA</span><span class="Other">,</span> <span class="Identifier">enumValueB</span><span class="Other">,</span> <span class="Identifier">enumValueC</span></pre></dt>
<dd>



</dd>
</div>

</dl></div>
<div class="section" id="8">
<h1><a class="toc-backref" href="#8">Vars</a></h1>
<dl class="item">
<a id="c1"></a>
<dt><pre><a href="utils.html#c1"><span class="Identifier">c1</span></a><span class="Other">:</span> <span class="Identifier">int</span></pre></dt>
<dd>

comment1

</dd>
<a id="c2"></a>
<dt><pre><a href="utils.html#c2"><span class="Identifier">c2</span></a><span class="Other">:</span> <span class="Identifier">int</span></pre></dt>
<dd>

comment1

</dd>
<a id="c3"></a>
<dt><pre><a href="utils.html#c3"><span class="Identifier">c3</span></a><span class="Other">:</span> <span class="Identifier">int</span></pre></dt>
<dd>

comment3
<p><strong class="examples_text">Example:</strong></p>
<pre class="listing"><span class="Keyword">discard</span> <span class="StringLit">&quot;c3&quot;</span></pre>
<p><strong class="examples_text">Example:</strong></p>
<pre class="listing"><span class="Keyword">discard</span> <span class="StringLit">&quot;c3&quot;</span></pre>ok3
<p><strong class="examples_text">Example:</strong></p>
<pre class="listing"><span class="Keyword">discard</span> <span class="StringLit">&quot;c3&quot;</span></pre>ok5ok6 ok7
<p><strong class="examples_text">Example:</strong></p>
<pre class="listing"><span class="Keyword">discard</span> <span class="StringLit">&quot;c3&quot;</span></pre>

</dd>

</dl></div>
<div class="section" id="9">
<h1><a class="toc-backref" href="#9">Lets</a></h1>
<dl class="item">
<a id="c4"></a>
<dt><pre><a href="utils.html#c4"><span class="Identifier">c4</span></a> <span class="Other">=</span> <span class="DecNumber">1</span></pre></dt>
<dd>


<p><strong class="examples_text">Example:</strong></p>
<pre class="listing"><span class="Keyword">discard</span> <span class="StringLit">&quot;c4&quot;</span></pre>

</dd>
<a id="c5"></a>
<dt><pre><a href="utils.html#c5"><span class="Identifier">c5</span></a> <span class="Other">=</span> <span class="DecNumber">1</span></pre></dt>
<dd>

ok1

</dd>
<a id="c6"></a>
<dt><pre><a href="utils.html#c6"><span class="Identifier">c6</span></a> <span class="Other">=</span> <span class="DecNumber">1</span></pre></dt>
<dd>

ok1

</dd>

</dl></div>
<div class="section" id="10">
<h1><a class="toc-backref" href="#10">Consts</a></h1>
<dl class="item">
<a id="c7"></a>
<dt><pre><a href="utils.html#c7"><span class="Identifier">c7</span></a> <span class="Other">=</span> <span class="DecNumber">1</span></pre></dt>
<dd>


<p><strong class="examples_text">Example:</strong></p>
<pre class="listing"><span class="Keyword">discard</span> <span class="StringLit">&quot;c7&quot;</span></pre>

</dd>
<a id="c8"></a>
<dt><pre><a href="utils.html#c8"><span class="Identifier">c8</span></a> <span class="Other">=</span> <span class="DecNumber">1</span></pre></dt>
<dd>



</dd>
<a id="c9"></a>
<dt><pre><a href="utils.html#c9"><span class="Identifier">c9</span></a> <span class="Other">=</span> <span class="DecNumber">1</span></pre></dt>
<dd>


<p><strong class="examples_text">Example:</strong></p>
<pre class="listing"><span class="Keyword">discard</span> <span class="StringLit">&quot;c9&quot;</span></pre>

</dd>

</dl></div>
<div class="section" id="12">
<h1><a class="toc-backref" href="#12">Procs</a></h1>
<dl class="item">
<<<<<<< HEAD
<<<<<<< HEAD
<div id="fn2">
||||||| parent of 553031bcb (fix tests)
<a id="fn2"></a>
=======
<a id="baz"></a>
<dt><pre><span class="Keyword">proc</span> <a href="#baz"><span class="Identifier">baz</span></a><span class="Other">(</span><span class="Other">)</span> {.<span><span class="Other pragmadots">...</span></span><span class="pragmawrap"><span class="Identifier">raises</span><span class="Other">:</span> <span class="Other">[</span><span class="Other">]</span><span class="Other">,</span> <span class="Identifier">tags</span><span class="Other">:</span> <span class="Other">[</span><span class="Other">]</span></span>.}</pre></dt>
<dd>


<p><strong class="examples_text">Example:</strong></p>
<pre class="listing"><span class="Keyword">discard</span> <span class="StringLit">&quot;ok4&quot;</span></pre>

</dd>
<a id="baz2"></a>
<dt><pre><span class="Keyword">proc</span> <a href="#baz2"><span class="Identifier">baz2</span></a><span class="Other">(</span><span class="Other">)</span> {.<span><span class="Other pragmadots">...</span></span><span class="pragmawrap"><span class="Identifier">raises</span><span class="Other">:</span> <span class="Other">[</span><span class="Other">]</span><span class="Other">,</span> <span class="Identifier">tags</span><span class="Other">:</span> <span class="Other">[</span><span class="Other">]</span></span>.}</pre></dt>
<dd>


<p><strong class="examples_text">Example:</strong></p>
<pre class="listing"><span class="Keyword">discard</span> <span class="StringLit">&quot;ok4&quot;</span></pre>

</dd>
||||||| parent of c860dd388 (fix tests)
<a id="baz"></a>
<dt><pre><span class="Keyword">proc</span> <a href="#baz"><span class="Identifier">baz</span></a><span class="Other">(</span><span class="Other">)</span> {.<span><span class="Other pragmadots">...</span></span><span class="pragmawrap"><span class="Identifier">raises</span><span class="Other">:</span> <span class="Other">[</span><span class="Other">]</span><span class="Other">,</span> <span class="Identifier">tags</span><span class="Other">:</span> <span class="Other">[</span><span class="Other">]</span></span>.}</pre></dt>
<dd>


<p><strong class="examples_text">Example:</strong></p>
<pre class="listing"><span class="Keyword">discard</span> <span class="StringLit">&quot;ok4&quot;</span></pre>

</dd>
<a id="baz2"></a>
<dt><pre><span class="Keyword">proc</span> <a href="#baz2"><span class="Identifier">baz2</span></a><span class="Other">(</span><span class="Other">)</span> {.<span><span class="Other pragmadots">...</span></span><span class="pragmawrap"><span class="Identifier">raises</span><span class="Other">:</span> <span class="Other">[</span><span class="Other">]</span><span class="Other">,</span> <span class="Identifier">tags</span><span class="Other">:</span> <span class="Other">[</span><span class="Other">]</span></span>.}</pre></dt>
<dd>


<p><strong class="examples_text">Example:</strong></p>
<pre class="listing"><span class="Keyword">discard</span> <span class="StringLit">&quot;ok4&quot;</span></pre>

</dd>
=======
>>>>>>> c860dd388 (fix tests)
<a id="fn2"></a>
>>>>>>> 553031bcb (fix tests)
<dt><pre><span class="Keyword">proc</span> <a href="#fn2"><span class="Identifier">fn2</span></a><span class="Other">(</span><span class="Other">)</span> {.<span><span class="Other pragmadots">...</span></span><span class="pragmawrap"><span class="Identifier">raises</span><span class="Other">:</span> <span class="Other">[</span><span class="Other">]</span><span class="Other">,</span> <span class="Identifier">tags</span><span class="Other">:</span> <span class="Other">[</span><span class="Other">]</span></span>.}</pre></dt>
<dd>

comment

</dd>
</div>
<div id="fn3">
<dt><pre><span class="Keyword">proc</span> <a href="#fn3"><span class="Identifier">fn3</span></a><span class="Other">(</span><span class="Other">)</span><span class="Other">:</span> <span class="Identifier">auto</span> {.<span><span class="Other pragmadots">...</span></span><span class="pragmawrap"><span class="Identifier">raises</span><span class="Other">:</span> <span class="Other">[</span><span class="Other">]</span><span class="Other">,</span> <span class="Identifier">tags</span><span class="Other">:</span> <span class="Other">[</span><span class="Other">]</span></span>.}</pre></dt>
<dd>

comment

</dd>
</div>
<div id="fn4">
<dt><pre><span class="Keyword">proc</span> <a href="#fn4"><span class="Identifier">fn4</span></a><span class="Other">(</span><span class="Other">)</span><span class="Other">:</span> <span class="Identifier">auto</span> {.<span><span class="Other pragmadots">...</span></span><span class="pragmawrap"><span class="Identifier">raises</span><span class="Other">:</span> <span class="Other">[</span><span class="Other">]</span><span class="Other">,</span> <span class="Identifier">tags</span><span class="Other">:</span> <span class="Other">[</span><span class="Other">]</span></span>.}</pre></dt>
<dd>

comment

</dd>
</div>
<div id="fn5">
<dt><pre><span class="Keyword">proc</span> <a href="#fn5"><span class="Identifier">fn5</span></a><span class="Other">(</span><span class="Other">)</span> {.<span><span class="Other pragmadots">...</span></span><span class="pragmawrap"><span class="Identifier">raises</span><span class="Other">:</span> <span class="Other">[</span><span class="Other">]</span><span class="Other">,</span> <span class="Identifier">tags</span><span class="Other">:</span> <span class="Other">[</span><span class="Other">]</span></span>.}</pre></dt>
<dd>

comment

</dd>
</div>
<div id="fn6">
<dt><pre><span class="Keyword">proc</span> <a href="#fn6"><span class="Identifier">fn6</span></a><span class="Other">(</span><span class="Other">)</span> {.<span><span class="Other pragmadots">...</span></span><span class="pragmawrap"><span class="Identifier">raises</span><span class="Other">:</span> <span class="Other">[</span><span class="Other">]</span><span class="Other">,</span> <span class="Identifier">tags</span><span class="Other">:</span> <span class="Other">[</span><span class="Other">]</span></span>.}</pre></dt>
<dd>

comment

</dd>
</div>
<div id="fn7">
<dt><pre><span class="Keyword">proc</span> <a href="#fn7"><span class="Identifier">fn7</span></a><span class="Other">(</span><span class="Other">)</span> {.<span><span class="Other pragmadots">...</span></span><span class="pragmawrap"><span class="Identifier">raises</span><span class="Other">:</span> <span class="Other">[</span><span class="Other">]</span><span class="Other">,</span> <span class="Identifier">tags</span><span class="Other">:</span> <span class="Other">[</span><span class="Other">]</span></span>.}</pre></dt>
<dd>

comment

</dd>
</div>
<div id="fn8">
<dt><pre><span class="Keyword">proc</span> <a href="#fn8"><span class="Identifier">fn8</span></a><span class="Other">(</span><span class="Other">)</span><span class="Other">:</span> <span class="Identifier">auto</span> {.<span><span class="Other pragmadots">...</span></span><span class="pragmawrap"><span class="Identifier">raises</span><span class="Other">:</span> <span class="Other">[</span><span class="Other">]</span><span class="Other">,</span> <span class="Identifier">tags</span><span class="Other">:</span> <span class="Other">[</span><span class="Other">]</span></span>.}</pre></dt>
<dd>

comment

</dd>
</div>
<div id="fn9,int">
<dt><pre><span class="Keyword">func</span> <a href="#fn9%2Cint"><span class="Identifier">fn9</span></a><span class="Other">(</span><span class="Identifier">a</span><span class="Other">:</span> <span class="Identifier">int</span><span class="Other">)</span><span class="Other">:</span> <span class="Identifier">int</span> {.<span><span class="Other pragmadots">...</span></span><span class="pragmawrap"><span class="Identifier">raises</span><span class="Other">:</span> <span class="Other">[</span><span class="Other">]</span><span class="Other">,</span> <span class="Identifier">tags</span><span class="Other">:</span> <span class="Other">[</span><span class="Other">]</span></span>.}</pre></dt>
<dd>

comment

</dd>
</div>
<div id="fn10,int">
<dt><pre><span class="Keyword">func</span> <a href="#fn10%2Cint"><span class="Identifier">fn10</span></a><span class="Other">(</span><span class="Identifier">a</span><span class="Other">:</span> <span class="Identifier">int</span><span class="Other">)</span><span class="Other">:</span> <span class="Identifier">int</span> {.<span><span class="Other pragmadots">...</span></span><span class="pragmawrap"><span class="Identifier">raises</span><span class="Other">:</span> <span class="Other">[</span><span class="Other">]</span><span class="Other">,</span> <span class="Identifier">tags</span><span class="Other">:</span> <span class="Other">[</span><span class="Other">]</span></span>.}</pre></dt>
<dd>

comment

</dd>
<<<<<<< HEAD
</div>
<div id="someType_2">
||||||| parent of 553031bcb (fix tests)
<a id="someType_2"></a>
=======
<a id="gn1"></a>
<dt><pre><span class="Keyword">proc</span> <a href="#gn1"><span class="Identifier">gn1</span></a><span class="Other">(</span><span class="Other">)</span> {.<span><span class="Other pragmadots">...</span></span><span class="pragmawrap"><span class="Identifier">raises</span><span class="Other">:</span> <span class="Other">[</span><span class="Other">]</span><span class="Other">,</span> <span class="Identifier">tags</span><span class="Other">:</span> <span class="Other">[</span><span class="Other">]</span></span>.}</pre></dt>
<dd>


<p><strong class="examples_text">Example:</strong></p>
<pre class="listing"><span class="Keyword">discard</span> <span class="StringLit">&quot;gn1&quot;</span></pre>

</dd>
<a id="gn2"></a>
<dt><pre><span class="Keyword">proc</span> <a href="#gn2"><span class="Identifier">gn2</span></a><span class="Other">(</span><span class="Other">)</span> {.<span><span class="Other pragmadots">...</span></span><span class="pragmawrap"><span class="Identifier">raises</span><span class="Other">:</span> <span class="Other">[</span><span class="Other">]</span><span class="Other">,</span> <span class="Identifier">tags</span><span class="Other">:</span> <span class="Other">[</span><span class="Other">]</span></span>.}</pre></dt>
<dd>

ok1
<p><strong class="examples_text">Example:</strong></p>
<pre class="listing"><span class="Keyword">discard</span> <span class="StringLit">&quot;gn2&quot;</span></pre>

</dd>
<a id="gn3"></a>
<dt><pre><span class="Keyword">proc</span> <a href="#gn3"><span class="Identifier">gn3</span></a><span class="Other">(</span><span class="Other">)</span> {.<span><span class="Other pragmadots">...</span></span><span class="pragmawrap"><span class="Identifier">raises</span><span class="Other">:</span> <span class="Other">[</span><span class="Other">]</span><span class="Other">,</span> <span class="Identifier">tags</span><span class="Other">:</span> <span class="Other">[</span><span class="Other">]</span></span>.}</pre></dt>
<dd>


<p><strong class="examples_text">Example:</strong></p>
<pre class="listing"><span class="Keyword">discard</span> <span class="StringLit">&quot;gn3&quot;</span></pre>

</dd>
<a id="gn4"></a>
<dt><pre><span class="Keyword">proc</span> <a href="#gn4"><span class="Identifier">gn4</span></a><span class="Other">(</span><span class="Other">)</span> {.<span><span class="Other pragmadots">...</span></span><span class="pragmawrap"><span class="Identifier">raises</span><span class="Other">:</span> <span class="Other">[</span><span class="Other">]</span><span class="Other">,</span> <span class="Identifier">tags</span><span class="Other">:</span> <span class="Other">[</span><span class="Other">]</span></span>.}</pre></dt>
<dd>


<p><strong class="examples_text">Example:</strong></p>
<pre class="listing"><span class="Keyword">discard</span> <span class="StringLit">&quot;gn4 v1&quot;</span></pre>gn4 v2
<p><strong class="examples_text">Example:</strong></p>
<pre class="listing"><span class="Keyword">discard</span> <span class="StringLit">&quot;gn4 v3&quot;</span></pre>

</dd>
<a id="gn5"></a>
<dt><pre><span class="Keyword">proc</span> <a href="#gn5"><span class="Identifier">gn5</span></a><span class="Other">(</span><span class="Other">)</span> {.<span><span class="Other pragmadots">...</span></span><span class="pragmawrap"><span class="Identifier">raises</span><span class="Other">:</span> <span class="Other">[</span><span class="Other">]</span><span class="Other">,</span> <span class="Identifier">tags</span><span class="Other">:</span> <span class="Other">[</span><span class="Other">]</span></span>.}</pre></dt>
<dd>


<p><strong class="examples_text">Example:</strong></p>
<pre class="listing"><span class="Keyword">discard</span> <span class="StringLit">&quot;gn5&quot;</span> <span class="Comment"># works even if implementation is in an include</span></pre>

</dd>
<a id="someType_2"></a>
>>>>>>> 553031bcb (fix tests)
<dt><pre><span class="Keyword">proc</span> <a href="#someType_2"><span class="Identifier">someType</span></a><span class="Other">(</span><span class="Other">)</span><span class="Other">:</span> <a href="utils.html#SomeType"><span class="Identifier">SomeType</span></a> {.<span><span class="Other pragmadots">...</span></span><span class="pragmawrap"><span class="Identifier">raises</span><span class="Other">:</span> <span class="Other">[</span><span class="Other">]</span><span class="Other">,</span> <span class="Identifier">tags</span><span class="Other">:</span> <span class="Other">[</span><span class="Other">]</span></span>.}</pre></dt>
<dd>

constructor.

</dd>
</div>

</dl></div>
<div class="section" id="18">
<h1><a class="toc-backref" href="#18">Templates</a></h1>
<dl class="item">
<div id="aEnum.t">
<dt><pre><span class="Keyword">template</span> <a href="#aEnum.t"><span class="Identifier">aEnum</span></a><span class="Other">(</span><span class="Other">)</span><span class="Other">:</span> <span class="Identifier">untyped</span></pre></dt>
<dd>



</dd>
</div>
<div id="bEnum.t">
<dt><pre><span class="Keyword">template</span> <a href="#bEnum.t"><span class="Identifier">bEnum</span></a><span class="Other">(</span><span class="Other">)</span><span class="Other">:</span> <span class="Identifier">untyped</span></pre></dt>
<dd>



</dd>
</div>
<div id="fromUtilsGen.t">
<dt><pre><span class="Keyword">template</span> <a href="#fromUtilsGen.t"><span class="Identifier">fromUtilsGen</span></a><span class="Other">(</span><span class="Other">)</span><span class="Other">:</span> <span class="Identifier">untyped</span></pre></dt>
<dd>

should be shown in utils.html only
<p><strong class="examples_text">Example:</strong></p>
<pre class="listing"><span class="Keyword">discard</span> <span class="StringLit">&quot;should be in utils.html only, not in module that calls fromUtilsGen&quot;</span></pre>ditto

</dd>
</div>

</dl></div>

  </div>
</div>

    <div class="row">
      <div class="twelve-columns footer">
        <span class="nim-sprite"></span>
        <br/>
        <small style="color: var(--hint);">Made with Nim. Generated: 1970-01-02 03:46:40 UTC</small>
      </div>
    </div>
  </div>
</div>

</body>
</html>
